{
  "data": {
    "_service": {
      "sdl": "interface IProduct @extends @key(fields: \u0022upc\u0022) {\n  upc: String!\n}\n\ntype Product implements IProduct @extends @key(fields: \u0022upc\u0022) {\n  upc: String!\n  id: String!\n}"
    }
  }
}
