{
  "data": {
    "_service": {
      "sdl": "interface IProduct @key(fields: \u0022upc\u0022) {\n  upc: String!\n  id: String @external\n}\n\ntype Product @key(fields: \u0022upc\u0022) {\n  upc: String!\n  id: String @external\n}"
    }
  }
}
