{
  "data": {
    "_service": {
      "sdl": "type Product @extends @key(fields: \u0022upc\u0022) {\n  upc: String\n}"
    }
  }
}
