{
  "errors": [
    {
      "message": "The _entities resolver encountered an unexpected error resolving an entity for type \u0060Product\u0060: Operation is not valid due to the current state of the object."
    }
  ]
}
