{
  "errors": [
    {
      "message": "The _entities resolver tried to load an entity for type \u0060NotUser\u0060, but no resolver was found."
    }
  ]
}
