{
  "data": {
    "_entities": [
      {
        "__typename": "Product",
        "upc": "1"
      },
      {
        "__typename": "Product",
        "upc": "2"
      },
      {
        "__typename": "Product",
        "upc": "3"
      }
    ]
  }
}
