{
  "data": {
    "_entities": [
      {
        "__typename": "Product",
        "upc": "1"
      }
    ]
  }
}
