{
  "data": {
    "_service": {
      "sdl": "type Product @key(fields: \u0022upc\u0022) {\n  upc: String!\n}"
    }
  }
}
