{
  "data": {
    "_service": {
      "sdl": "type ProductWithMultipleClassDirectives @key(fields: \u0022upc\u0022) @key(fields: \u0022id\u0022) {\n  upc: String\n  id: String\n}"
    }
  }
}
